---
source: src/tests/parser.rs
expression: parse(tokens.as_slice())
---
Ok:
  attrs:
    pos:
      line: 2
      col: 1
  sources:
    - binding:
        name: e
        pos:
          line: 2
          col: 6
      kind:
        Name: events
  predicate:
    attrs:
      pos:
        line: 3
        col: 7
    value:
      Binary:
        lhs:
          attrs:
            pos:
              line: 3
              col: 7
          value:
            Access:
              target:
                attrs:
                  pos:
                    line: 3
                    col: 7
                value:
                  Id: e
              field: price
        operator: Gt
        rhs:
          attrs:
            pos:
              line: 3
              col: 17
          value:
            Number: 20
  group_by:
    expr:
      attrs:
        pos:
          line: 4
          col: 10
      value:
        Access:
          target:
            attrs:
              pos:
                line: 4
                col: 10
            value:
              Id: e
          field: name
    predicate:
      attrs:
        pos:
          line: 4
          col: 24
      value:
        Binary:
          lhs:
            attrs:
              pos:
                line: 4
                col: 24
            value:
              Id: name
          operator: Neq
          rhs:
            attrs:
              pos:
                line: 4
                col: 32
            value:
              String: foo
  order_by: ~
  limit: ~
  projection:
    attrs:
      pos:
        line: 5
        col: 14
    value:
      Id: e
  distinct: false
  meta: ~
